Microchip MPLAB XC8 Compiler V1.30 ()

Linker command line:

--edf=/opt/microchip/xc8/v1.30/dat/en_msgs.txt -cs \
  -h+dist/default/production/led_organ.production.sym \
  --cmf=dist/default/production/led_organ.production.cmf -z -Q18F24J10 \
  -o/tmp/cgtLKc9TF -Mdist/default/production/led_organ.production.map -E1 \
  -ver=XC8 -ASTACK=080h-03ffh -pstack=STACK -ACODE=00h-03FF7h \
  -ACONST=00h-03FF7h -ASMALLCONST=0400h-04FFhx59,03F00h-03FF7h \
  -AMEDIUMCONST=0400h-03FF7h -ACOMRAM=01h-07Fh -AABS1=00h-03FFh \
  -ABIGRAM=01h-03FFh -ARAM=080h-0FFh,0100h-01FFhx3 -ABANK0=080h-0FFh \
  -ABANK1=0100h-01FFh -ABANK2=0200h-02FFh -ABANK3=0300h-03FFh \
  -ASFR=0F80h-0FFFh -preset_vec=00h,intcode,intcodelo,powerup,init,end_init \
  -pramtop=0400h -psmallconst=SMALLCONST -pmediumconst=MEDIUMCONST \
  -pconst=CONST -AFARRAM=00h-00h -ACONFIG=03FF8h-03FFDh -pconfig=CONFIG \
  -pjflash_buffer=03800h \
  -prdata=COMRAM,nvrram=COMRAM,nvbit=COMRAM,rbss=COMRAM,rbit=COMRAM \
  -pfarbss=FARRAM,fardata=FARRAM,nvFARRAM=FARRAM \
  -pintsave_regs=BIGRAM,bigbss=BIGRAM,bigdata=BIGRAM -pbss=RAM \
  -pidata=CODE,irdata=CODE,ibigdata=CODE,ifardata=CODE /tmp/cgt3rTvuT.obj \
  dist/default/production/led_organ.production.obj 

Object code version is 3.11

Machine type is 18F24J10

Call graph: (short form)




                Name                               Link     Load   Length Selector   Space Scale
/tmp/cgt3rTvuT.obj
                end_init                              0        0        4        0       0
                config                             3FF8     3FF8        6     3FF8       0
dist/default/production/led_organ.production.obj
                text1                              3FB4     3FB4       14     1FDA       0
                cstackCOMRAM                          1        1        8        1       1
                cinit                              3FAE     3FAE        6     1FD7       0
                text0                              3FC8     3FC8       30     1FE4       0

TOTAL           Name                               Link     Load   Length     Space
        CLASS   STACK          

        CLASS   CODE           
                end_init                              0        0        4         0
                text1                              3FB4     3FB4       14         0
                cinit                              3FAE     3FAE        6         0
                text0                              3FC8     3FC8       30         0

        CLASS   CONST          

        CLASS   SMALLCONST     

        CLASS   MEDIUMCONST    

        CLASS   COMRAM         
                cstackCOMRAM                          1        1        8         1

        CLASS   ABS1           

        CLASS   BIGRAM         

        CLASS   RAM            

        CLASS   BANK0          

        CLASS   BANK1          

        CLASS   BANK2          

        CLASS   BANK3          

        CLASS   SFR            

        CLASS   FARRAM         

        CLASS   CONFIG         
                config                             3FF8     3FF8        6         0

        CLASS   IDLOC          



SEGMENTS        Name                           Load    Length   Top    Selector   Space  Class

                reset_vec                      000000  000004  000004         0       0  CODE    
                cstackCOMRAM                   000001  000008  000009         1       1  COMRAM  
                cinit                          003FAE  000006  003FB4      1FD7       0  CODE    
                text1                          003FB4  000014  003FC8      1FDA       0  CODE    
                text0                          003FC8  000030  003FF8      1FE4       0  CODE    
                config                         003FF8  000006  003FFE      3FF8       0  CONFIG  


UNUSED ADDRESS RANGES

        Name                Unused          Largest block    Delta
        BANK0            00080-000FF              80
        BANK1            00100-001FF             100
        BANK2            00200-002FF             100
        BANK3            00300-003FF             100
        BIGRAM           00009-003FF             3F7
        CODE             00004-03FAD            3FAA
        COMRAM           00009-0007F              77
        CONST            00004-03FAD            3FAA
        MEDIUMCONST      00400-03FAD            3BAE
        RAM              00080-003FF             100
        SFR              00F80-00FFF              80
        SMALLCONST       00400-03FAD             100
        STACK            00080-003FF             380

                                  Symbol Table

_ADCON1                  (abs)         00FC1
_LATA                    (abs)         00F89
_LATB                    (abs)         00F8A
_LATC                    (abs)         00F8B
_PORTA                   (abs)         00F80
_TRISA                   (abs)         00F92
__CFG_CCP2MX$DEFAULT     (abs)         00000
__CFG_CP0$OFF            (abs)         00000
__CFG_FCMEN$ON           (abs)         00000
__CFG_FOSC$ECPLL         (abs)         00000
__CFG_FOSC2$OFF          (abs)         00000
__CFG_IESO$ON            (abs)         00000
__CFG_STVREN$ON          (abs)         00000
__CFG_WDTEN$OFF          (abs)         00000
__CFG_WDTPS$32768        (abs)         00000
__CFG_XINST$OFF          (abs)         00000
__HRAM                   (abs)         00000
__Habs1                  abs1          00000
__Hbank0                 bank0         00000
__Hbank1                 bank1         00000
__Hbank2                 bank2         00000
__Hbank3                 bank3         00000
__Hbigbss                bigbss        00000
__Hbigdata               bigdata       00000
__Hbigram                bigram        00000
__Hbss                   bss           00000
__Hcinit                 cinit         00000
__Hclrtext               clrtext       00000
__Hcomram                comram        00000
__Hconfig                config        03FFE
__Hconst                 const         00000
__HcstackCOMRAM          cstackCOMRAM  00000
__Hdata                  data          00000
__Hend_init              end_init      00004
__Hfarbss                farbss        00000
__Hfardata               fardata       00000
__Hibigdata              ibigdata      00000
__Hidata                 idata         00000
__Hidloc                 idloc         00000
__Hifardata              ifardata      00000
__Hinit                  init          00000
__Hintcode               intcode       00000
__Hintcode_body          intcode_body  00000
__Hintcodelo             intcodelo     00000
__Hintentry              intentry      00000
__Hintret                intret        00000
__Hintsave_regs          intsave_regs  00000
__Hirdata                irdata        00000
__Hjflash_buffer         jflash_buffer 03800
__Hmediumconst           mediumconst   00000
__HnvFARRAM              nvFARRAM      00000
__Hnvbit                 nvbit         00000
__Hnvrram                nvrram        00000
__Hparam                 rparam        00000
__Hpowerup               powerup       00000
__Hram                   ram           00000
__Hramtop                ramtop        00400
__Hrbit                  rbit          00000
__Hrbss                  rbss          00000
__Hrdata                 rdata         00000
__Hreset_vec             reset_vec     00000
__Hrparam                rparam        00000
__Hsfr                   sfr           00000
__Hsmallconst            smallconst    00000
__Hstack                 stack         00000
__Hstruct                struct        00000
__Htemp                  temp          00000
__Htext                  text          00000
__Htext0                 text0         00000
__Htext1                 text1         00000
__LRAM                   (abs)         00001
__Labs1                  abs1          00000
__Lbank0                 bank0         00000
__Lbank1                 bank1         00000
__Lbank2                 bank2         00000
__Lbank3                 bank3         00000
__Lbigbss                bigbss        00000
__Lbigdata               bigdata       00000
__Lbigram                bigram        00000
__Lbss                   bss           00000
__Lcinit                 cinit         00000
__Lclrtext               clrtext       00000
__Lcomram                comram        00000
__Lconfig                config        03FF8
__Lconst                 const         00000
__LcstackCOMRAM          cstackCOMRAM  00000
__Ldata                  data          00000
__Lend_init              end_init      00000
__Lfarbss                farbss        00000
__Lfardata               fardata       00000
__Libigdata              ibigdata      00000
__Lidata                 idata         00000
__Lidloc                 idloc         00000
__Lifardata              ifardata      00000
__Linit                  init          00000
__Lintcode               intcode       00000
__Lintcode_body          intcode_body  00000
__Lintcodelo             intcodelo     00000
__Lintentry              intentry      00000
__Lintret                intret        00000
__Lintsave_regs          intsave_regs  00000
__Lirdata                irdata        00000
__Ljflash_buffer         jflash_buffer 03800
__Lmediumconst           mediumconst   00000
__LnvFARRAM              nvFARRAM      00000
__Lnvbit                 nvbit         00000
__Lnvrram                nvrram        00000
__Lparam                 rparam        00000
__Lpowerup               powerup       00000
__Lram                   ram           00000
__Lramtop                ramtop        00400
__Lrbit                  rbit          00000
__Lrbss                  rbss          00000
__Lrdata                 rdata         00000
__Lreset_vec             reset_vec     00000
__Lrparam                rparam        00000
__Lsfr                   sfr           00000
__Lsmallconst            smallconst    00000
__Lstack                 stack         00000
__Lstruct                struct        00000
__Ltemp                  temp          00000
__Ltext                  text          00000
__Ltext0                 text0         00000
__Ltext1                 text1         00000
__S0                     (abs)         03FFE
__S1                     (abs)         00009
__S2                     (abs)         00000
___extmem_base           (abs)         20000
___inthi_sp              stack         00000
___intlo_sp              stack         00000
___sp                    stack         00000
__accesstop              (abs)         00080
__activetblptr           (abs)         00000
__end_of__initialization cinit         03FAE
__end_of_blink           text1         03FC8
__end_of_main            text0         03FF8
__initialization         cinit         03FAE
__mediumconst            mediumconst   00000
__pcinit                 cinit         03FAE
__pcstackCOMRAM          cstackCOMRAM  00001
__ptext0                 text0         03FC8
__ptext1                 text1         03FB4
__ramtop                 ramtop        00400
__size_of_blink          (abs)         00000
__size_of_main           (abs)         00000
__smallconst             smallconst    00000
_blink                   text1         03FB4
_main                    text0         03FC8
blink@LED                cstackCOMRAM  00001
end_of_initialization    cinit         03FAE
intlevel0                text          00000
intlevel1                text          00000
intlevel2                text          00000
intlevel3                text          00000
stackhi                  (abs)         003FF
stacklo                  (abs)         00080
start                    init          00000
start_initialization     cinit         03FAE


FUNCTION INFORMATION:

 *************** function _main *****************
 Defined at:
		line 45 in file "main.c"
 Parameters:    Size  Location     Type
  argc            2    2[COMRAM] int 
  argv            3    4[COMRAM] PTR PTR unsigned char 
 Auto vars:     Size  Location     Type
		None
 Return value:  Size  Location     Type
                  2    2[COMRAM] int 
 Registers used:
		wreg, status,2, status,0, cstack
 Tracked objects:
		On entry : 
		On exit  : 
		Unchanged: 
 Data sizes:     COMRAM   BANK0   BANK1   BANK2   BANK3
      Params:         5       0       0       0       0
      Locals:         0       0       0       0       0
      Temps:          1       0       0       0       0
      Totals:         6       0       0       0       0
Total ram usage:        6 bytes
 Hardware stack levels required when called:    1
 This function calls:
		_blink
 This function is called by:
		Startup code after reset
 This function uses a non-reentrant model


 *************** function _blink *****************
 Defined at:
		line 67 in file "main.c"
 Parameters:    Size  Location     Type
  LED             2    0[COMRAM] unsigned int 
 Auto vars:     Size  Location     Type
		None
 Return value:  Size  Location     Type
		None               void
 Registers used:
		wreg, status,2, status,0
 Tracked objects:
		On entry : 
		On exit  : 
		Unchanged: 
 Data sizes:     COMRAM   BANK0   BANK1   BANK2   BANK3
      Params:         2       0       0       0       0
      Locals:         0       0       0       0       0
      Temps:          0       0       0       0       0
      Totals:         2       0       0       0       0
Total ram usage:        2 bytes
 Hardware stack levels used:    1
 This function calls:
		Nothing
 This function is called by:
		_main
 This function uses a non-reentrant model



MODULE INFORMATION

Module		Function		Class		Link	Load	Size
shared
		__initializatio		CODE           	3FAE	0000	0

shared estimated size: 0

main.c
		_main          		CODE           	3FC8	0000	48
		_blink         		CODE           	3FB4	0000	20

main.c estimated size: 68

