Microchip MPLAB XC8 Compiler V1.30 ()

Linker command line:

--edf=/opt/microchip/xc8/v1.30/dat/en_msgs.txt -cs \
  -h+dist/default/production/led_organ.production.sym \
  --cmf=dist/default/production/led_organ.production.cmf -z -Q18F24J10 \
  -o/tmp/cgteJeD4D -Mdist/default/production/led_organ.production.map -E1 \
  -ver=XC8 -ASTACK=0100h-03ffh -pstack=STACK -ACODE=00h-03FF7h \
  -ACONST=00h-03FF7h -ASMALLCONST=0400h-04FFhx59,03F00h-03FF7h \
  -AMEDIUMCONST=0400h-03FF7h -ACOMRAM=01h-07Fh -AABS1=00h-03FFh \
  -ABIGRAM=01h-03FFh -ARAM=080h-0FFh,0100h-01FFhx3 -ABANK0=080h-0FFh \
  -ABANK1=0100h-01FFh -ABANK2=0200h-02FFh -ABANK3=0300h-03FFh \
  -ASFR=0F80h-0FFFh -preset_vec=00h,intcode,intcodelo,powerup,init,end_init \
  -pramtop=0400h -psmallconst=SMALLCONST -pmediumconst=MEDIUMCONST \
  -pconst=CONST -AFARRAM=00h-00h -ACONFIG=03FF8h-03FFDh -pconfig=CONFIG \
  -pjflash_buffer=03800h \
  -prdata=COMRAM,nvrram=COMRAM,nvbit=COMRAM,rbss=COMRAM,rbit=COMRAM \
  -pfarbss=FARRAM,fardata=FARRAM,nvFARRAM=FARRAM \
  -pintsave_regs=BIGRAM,bigbss=BIGRAM,bigdata=BIGRAM -pbss=RAM \
  -pidata=CODE,irdata=CODE,ibigdata=CODE,ifardata=CODE /tmp/cgtu4OREE.obj \
  dist/default/production/led_organ.production.obj 

Object code version is 3.11

Machine type is 18F24J10

Call graph: (short form)




                Name                               Link     Load   Length Selector   Space Scale
/tmp/cgtu4OREE.obj
                end_init                              0        0        4        0       0
                config                             3FF8     3FF8        6     3FF8       0
dist/default/production/led_organ.production.obj
                text4                              3314     3314      108     198A       0
                text3                              32C8     32C8       4C     1964       0
                text2                              32A2     32A2       26     1951       0
                text1                              3270     3270       12     1938       0
                cstackCOMRAM                          1        1       40        1       1
                bssBANK0                             80       80       80       80       1
                bssCOMRAM                            41       41        5        1       1
                cinit                              3282     3282       20     1941       0
                text0                              341C     341C      BDC     1A0E       0

TOTAL           Name                               Link     Load   Length     Space
        CLASS   STACK          

        CLASS   CODE           
                end_init                              0        0        4         0
                text4                              3314     3314      108         0
                text3                              32C8     32C8       4C         0
                text2                              32A2     32A2       26         0
                text1                              3270     3270       12         0
                cinit                              3282     3282       20         0
                text0                              341C     341C      BDC         0

        CLASS   CONST          

        CLASS   SMALLCONST     

        CLASS   MEDIUMCONST    

        CLASS   COMRAM         
                cstackCOMRAM                          1        1       40         1
                bssCOMRAM                            41       41        5         1

        CLASS   ABS1           

        CLASS   BIGRAM         

        CLASS   RAM            

        CLASS   BANK0          
                bssBANK0                             80       80       80         1

        CLASS   BANK1          

        CLASS   BANK2          

        CLASS   BANK3          

        CLASS   SFR            

        CLASS   FARRAM         

        CLASS   CONFIG         
                config                             3FF8     3FF8        6         0

        CLASS   IDLOC          



SEGMENTS        Name                           Load    Length   Top    Selector   Space  Class

                reset_vec                      000000  000004  000004         0       0  CODE    
                cstackCOMRAM                   000001  000045  000046         1       1  COMRAM  
                bssBANK0                       000080  000080  000100        80       1  BANK0   
                text1                          003270  000012  003282      1938       0  CODE    
                cinit                          003282  000020  0032A2      1941       0  CODE    
                text2                          0032A2  000026  0032C8      1951       0  CODE    
                text3                          0032C8  00004C  003314      1964       0  CODE    
                text4                          003314  000108  00341C      198A       0  CODE    
                text0                          00341C  000BDC  003FF8      1A0E       0  CODE    
                config                         003FF8  000006  003FFE      3FF8       0  CONFIG  


UNUSED ADDRESS RANGES

        Name                Unused          Largest block    Delta
        BANK1            00100-001FF             100
        BANK2            00200-002FF             100
        BANK3            00300-003FF             100
        BIGRAM           00046-0007F              3A
                         00100-003FF             300
        CODE             00004-0326F            326C
        COMRAM           00046-0007F              3A
        CONST            00004-0326F            326C
        MEDIUMCONST      00400-0326F            2E70
        RAM              00100-003FF             100
        SFR              00F80-00FFF              80
        SMALLCONST       00400-0326F             100
        STACK            00100-003FF             300

                                  Symbol Table

?___aldiv                cstackCOMRAM  00001
?_readMyADC              cstackCOMRAM  00001
_ADCON0                  (abs)         00FC2
_ADCON1                  (abs)         00FC1
_ADCON2                  (abs)         00FC0
_ADRESH                  (abs)         00FC4
_ADRESL                  (abs)         00FC3
_GODONE                  (abs)         07E11
_PIR1bits                (abs)         00F9E
_PORTA                   (abs)         00F80
_PORTB                   (abs)         00F81
_PORTBbits               (abs)         00F81
_PORTC                   (abs)         00F82
_SSP1BUF                 (abs)         00FC9
_SSP1CON1                (abs)         00FC6
_SSP1CON1bits            (abs)         00FC6
_SSPBUF                  (abs)         00FC9
_SSPCON1                 (abs)         00FC6
_SSPIF                   (abs)         07CF3
_SSPSTAT                 (abs)         00FC7
_T0CON                   (abs)         00FD5
_TMR0H                   (abs)         00FD7
_TMR0IF                  (abs)         07F92
_TMR0L                   (abs)         00FD6
_TRISA                   (abs)         00F92
_TRISB                   (abs)         00F93
_TRISC                   (abs)         00F94
_TRISCbits               (abs)         00F94
__CFG_CCP2MX$DEFAULT     (abs)         00000
__CFG_CP0$OFF            (abs)         00000
__CFG_FCMEN$ON           (abs)         00000
__CFG_FOSC$EC            (abs)         00000
__CFG_FOSC2$ON           (abs)         00000
__CFG_IESO$ON            (abs)         00000
__CFG_STVREN$ON          (abs)         00000
__CFG_WDTEN$OFF          (abs)         00000
__CFG_WDTPS$32768        (abs)         00000
__CFG_XINST$OFF          (abs)         00000
__HRAM                   (abs)         00000
__Habs1                  abs1          00000
__Hbank0                 bank0         00000
__Hbank1                 bank1         00000
__Hbank2                 bank2         00000
__Hbank3                 bank3         00000
__Hbigbss                bigbss        00000
__Hbigdata               bigdata       00000
__Hbigram                bigram        00000
__Hbss                   bss           00000
__HbssBANK0              bssBANK0      00000
__HbssCOMRAM             bssCOMRAM     00000
__Hcinit                 cinit         00000
__Hclrtext               clrtext       00000
__Hcomram                comram        00000
__Hconfig                config        03FFE
__Hconst                 const         00000
__HcstackCOMRAM          cstackCOMRAM  00000
__Hdata                  data          00000
__Hend_init              end_init      00004
__Hfarbss                farbss        00000
__Hfardata               fardata       00000
__Hibigdata              ibigdata      00000
__Hidata                 idata         00000
__Hidloc                 idloc         00000
__Hifardata              ifardata      00000
__Hinit                  init          00000
__Hintcode               intcode       00000
__Hintcode_body          intcode_body  00000
__Hintcodelo             intcodelo     00000
__Hintentry              intentry      00000
__Hintret                intret        00000
__Hintsave_regs          intsave_regs  00000
__Hirdata                irdata        00000
__Hjflash_buffer         jflash_buffer 03800
__Hmediumconst           mediumconst   00000
__HnvFARRAM              nvFARRAM      00000
__Hnvbit                 nvbit         00000
__Hnvrram                nvrram        00000
__Hparam                 rparam        00000
__Hpowerup               powerup       00000
__Hram                   ram           00000
__Hramtop                ramtop        00400
__Hrbit                  rbit          00000
__Hrbss                  rbss          00000
__Hrdata                 rdata         00000
__Hreset_vec             reset_vec     00000
__Hrparam                rparam        00000
__Hsfr                   sfr           00000
__Hsmallconst            smallconst    00000
__Hstack                 stack         00000
__Hstruct                struct        00000
__Htemp                  temp          00000
__Htext                  text          00000
__Htext0                 text0         00000
__Htext1                 text1         00000
__Htext2                 text2         00000
__Htext3                 text3         00000
__Htext4                 text4         00000
__LRAM                   (abs)         00001
__Labs1                  abs1          00000
__Lbank0                 bank0         00000
__Lbank1                 bank1         00000
__Lbank2                 bank2         00000
__Lbank3                 bank3         00000
__Lbigbss                bigbss        00000
__Lbigdata               bigdata       00000
__Lbigram                bigram        00000
__Lbss                   bss           00000
__LbssBANK0              bssBANK0      00000
__LbssCOMRAM             bssCOMRAM     00000
__Lcinit                 cinit         00000
__Lclrtext               clrtext       00000
__Lcomram                comram        00000
__Lconfig                config        03FF8
__Lconst                 const         00000
__LcstackCOMRAM          cstackCOMRAM  00000
__Ldata                  data          00000
__Lend_init              end_init      00000
__Lfarbss                farbss        00000
__Lfardata               fardata       00000
__Libigdata              ibigdata      00000
__Lidata                 idata         00000
__Lidloc                 idloc         00000
__Lifardata              ifardata      00000
__Linit                  init          00000
__Lintcode               intcode       00000
__Lintcode_body          intcode_body  00000
__Lintcodelo             intcodelo     00000
__Lintentry              intentry      00000
__Lintret                intret        00000
__Lintsave_regs          intsave_regs  00000
__Lirdata                irdata        00000
__Ljflash_buffer         jflash_buffer 03800
__Lmediumconst           mediumconst   00000
__LnvFARRAM              nvFARRAM      00000
__Lnvbit                 nvbit         00000
__Lnvrram                nvrram        00000
__Lparam                 rparam        00000
__Lpowerup               powerup       00000
__Lram                   ram           00000
__Lramtop                ramtop        00400
__Lrbit                  rbit          00000
__Lrbss                  rbss          00000
__Lrdata                 rdata         00000
__Lreset_vec             reset_vec     00000
__Lrparam                rparam        00000
__Lsfr                   sfr           00000
__Lsmallconst            smallconst    00000
__Lstack                 stack         00000
__Lstruct                struct        00000
__Ltemp                  temp          00000
__Ltext                  text          00000
__Ltext0                 text0         00000
__Ltext1                 text1         00000
__Ltext2                 text2         00000
__Ltext3                 text3         00000
__Ltext4                 text4         00000
__S0                     (abs)         03FFE
__S1                     (abs)         00100
__S2                     (abs)         00000
___aldiv                 text4         03314
___aldiv@counter         cstackCOMRAM  0000A
___aldiv@dividend        cstackCOMRAM  00001
___aldiv@divisor         cstackCOMRAM  00005
___aldiv@quotient        cstackCOMRAM  0000C
___aldiv@sign            cstackCOMRAM  0000B
___extmem_base           (abs)         20000
___inthi_sp              stack         00000
___intlo_sp              stack         00000
___sp                    stack         00000
__accesstop              (abs)         00080
__activetblptr           (abs)         00002
__end_of___aldiv         text4         0341C
__end_of__initialization cinit         03298
__end_of_main            text0         03FF8
__end_of_readMyADC       text3         03314
__end_of_setGainLevel    text2         032C8
__end_of_setupSPI        text1         03282
__initialization         cinit         03282
__mediumconst            mediumconst   00000
__pbssBANK0              bssBANK0      00080
__pbssCOMRAM             bssCOMRAM     00041
__pcinit                 cinit         03282
__pcstackCOMRAM          cstackCOMRAM  00001
__ptext0                 text0         0341C
__ptext1                 text1         03270
__ptext2                 text2         032A2
__ptext3                 text3         032C8
__ptext4                 text4         03314
__ramtop                 ramtop        00400
__size_of___aldiv        (abs)         00000
__size_of_main           (abs)         00000
__size_of_readMyADC      (abs)         00000
__size_of_setGainLevel   (abs)         00000
__size_of_setupSPI       (abs)         00000
__smallconst             smallconst    00000
_led_strip_colors        bssBANK0      00080
_main                    text0         0341C
_randf                   bssCOMRAM     00045
_randx                   bssCOMRAM     00041
_readMyADC               text3         032C8
_setGainLevel            text2         032A2
_setupSPI                text1         03270
end_of_initialization    cinit         03298
intlevel0                text          00000
intlevel1                text          00000
intlevel2                text          00000
intlevel3                text          00000
main@PWMcount            cstackCOMRAM  0003C
main@average             cstackCOMRAM  00027
main@brightness          cstackCOMRAM  00039
main@clapCounter         cstackCOMRAM  00029
main@currentGainLevel    cstackCOMRAM  0002B
main@currentStep         cstackCOMRAM  0003A
main@fadeCounter         cstackCOMRAM  00020
main@highLevel           cstackCOMRAM  00024
main@highPWM             cstackCOMRAM  0002F
main@lowLevel            cstackCOMRAM  0001A
main@lowPWM              cstackCOMRAM  0002D
main@mainLevel           cstackCOMRAM  0001C
main@midLevel            cstackCOMRAM  00018
main@midPWM              cstackCOMRAM  00036
main@mode                cstackCOMRAM  00035
main@patternNumber       cstackCOMRAM  00038
main@sampleCount         cstackCOMRAM  0001E
main@sequenceNumber      cstackCOMRAM  0003E
main@sequenceRepeats     cstackCOMRAM  00031
main@soundDetectedCount  cstackCOMRAM  00022
main@soundFlag           cstackCOMRAM  00026
main@stepNumber          cstackCOMRAM  0003F
main@tickCounter         cstackCOMRAM  00033
main@total               cstackCOMRAM  00014
readMyADC@ADCnumber      cstackCOMRAM  00005
readMyADC@result         cstackCOMRAM  00003
setGainLevel@gainLevel   cstackCOMRAM  00001
stackhi                  (abs)         003FF
stacklo                  (abs)         00100
start                    init          00000
start_initialization     cinit         03282


FUNCTION INFORMATION:

 *************** function _main *****************
 Defined at:
		line 45 in file "main.c"
 Parameters:    Size  Location     Type
		None
 Auto vars:     Size  Location     Type
  total           4   19[COMRAM] long 
  stepNumber      2   62[COMRAM] int 
  PWMcount        2   59[COMRAM] int 
  currentStep     2   57[COMRAM] int 
  midPWM          2   53[COMRAM] int 
  tickCounter     2   50[COMRAM] int 
  sequenceRepe    2   48[COMRAM] int 
  highPWM         2   46[COMRAM] int 
  lowPWM          2   44[COMRAM] int 
  currentGainL    2   42[COMRAM] int 
  clapCounter     2   40[COMRAM] int 
  average         2   38[COMRAM] int 
  highLevel       2   35[COMRAM] int 
  soundDetecte    2   33[COMRAM] int 
  fadeCounter     2   31[COMRAM] int 
  sampleCount     2   29[COMRAM] int 
  mainLevel       2   27[COMRAM] int 
  lowLevel        2   25[COMRAM] int 
  midLevel        2   23[COMRAM] int 
  sequenceNumb    1   61[COMRAM] unsigned char 
  brightness      1   56[COMRAM] unsigned char 
  patternNumbe    1   55[COMRAM] unsigned char 
  mode            1   52[COMRAM] unsigned char 
  soundFlag       1   37[COMRAM] unsigned char 
 Return value:  Size  Location     Type
		None               void
 Registers used:
		wreg, status,2, status,0, prodl, cstack
 Tracked objects:
		On entry : 
		On exit  : 
		Unchanged: 
 Data sizes:     COMRAM   BANK0   BANK1   BANK2   BANK3
      Params:         0       0       0       0       0
      Locals:        45       0       0       0       0
      Temps:          4       0       0       0       0
      Totals:        49       0       0       0       0
Total ram usage:       49 bytes
 Hardware stack levels required when called:    1
 This function calls:
		___aldiv
		_readMyADC
		_setGainLevel
		_setupSPI
 This function is called by:
		Startup code after reset
 This function uses a non-reentrant model


 *************** function _setupSPI *****************
 Defined at:
		line 3 in file "spi.c"
 Parameters:    Size  Location     Type
		None
 Auto vars:     Size  Location     Type
		None
 Return value:  Size  Location     Type
		None               void
 Registers used:
		wreg, status,2
 Tracked objects:
		On entry : 
		On exit  : 
		Unchanged: 
 Data sizes:     COMRAM   BANK0   BANK1   BANK2   BANK3
      Params:         0       0       0       0       0
      Locals:         0       0       0       0       0
      Temps:          0       0       0       0       0
      Totals:         0       0       0       0       0
Total ram usage:        0 bytes
 Hardware stack levels used:    1
 This function calls:
		Nothing
 This function is called by:
		_main
 This function uses a non-reentrant model


 *************** function _setGainLevel *****************
 Defined at:
		line 20 in file "spi.c"
 Parameters:    Size  Location     Type
  gainLevel       1    wreg     unsigned char 
 Auto vars:     Size  Location     Type
  gainLevel       1    0[COMRAM] unsigned char 
 Return value:  Size  Location     Type
		None               void
 Registers used:
		wreg, status,2
 Tracked objects:
		On entry : 
		On exit  : 
		Unchanged: 
 Data sizes:     COMRAM   BANK0   BANK1   BANK2   BANK3
      Params:         0       0       0       0       0
      Locals:         1       0       0       0       0
      Temps:          0       0       0       0       0
      Totals:         1       0       0       0       0
Total ram usage:        1 bytes
 Hardware stack levels used:    1
 This function calls:
		Nothing
 This function is called by:
		_main
 This function uses a non-reentrant model


 *************** function _readMyADC *****************
 Defined at:
		line 596 in file "main.c"
 Parameters:    Size  Location     Type
  ADCnumber       1    wreg     unsigned char 
 Auto vars:     Size  Location     Type
  ADCnumber       1    4[COMRAM] unsigned char 
  result          2    2[COMRAM] int 
 Return value:  Size  Location     Type
                  2    0[COMRAM] int 
 Registers used:
		wreg, status,2, status,0
 Tracked objects:
		On entry : 
		On exit  : 
		Unchanged: 
 Data sizes:     COMRAM   BANK0   BANK1   BANK2   BANK3
      Params:         2       0       0       0       0
      Locals:         3       0       0       0       0
      Temps:          0       0       0       0       0
      Totals:         5       0       0       0       0
Total ram usage:        5 bytes
 Hardware stack levels used:    1
 This function calls:
		Nothing
 This function is called by:
		_main
 This function uses a non-reentrant model


 *************** function ___aldiv *****************
 Defined at:
		line 8 in file "/opt/microchip/xc8/v1.30/sources/common/aldiv.c"
 Parameters:    Size  Location     Type
  dividend        4    0[COMRAM] long 
  divisor         4    4[COMRAM] long 
 Auto vars:     Size  Location     Type
  quotient        4   11[COMRAM] long 
  sign            1   10[COMRAM] unsigned char 
  counter         1    9[COMRAM] unsigned char 
 Return value:  Size  Location     Type
                  4    0[COMRAM] long 
 Registers used:
		wreg, status,2, status,0
 Tracked objects:
		On entry : 
		On exit  : 
		Unchanged: 
 Data sizes:     COMRAM   BANK0   BANK1   BANK2   BANK3
      Params:         8       0       0       0       0
      Locals:         6       0       0       0       0
      Temps:          1       0       0       0       0
      Totals:        15       0       0       0       0
Total ram usage:       15 bytes
 Hardware stack levels used:    1
 This function calls:
		Nothing
 This function is called by:
		_main
 This function uses a non-reentrant model



MODULE INFORMATION

Module		Function		Class		Link	Load	Size
shared
		__initializatio		CODE           	3282	0000	22

shared estimated size: 22

main.c
		_main          		CODE           	341C	0000	3036
		_readMyADC     		CODE           	32C8	0000	76

main.c estimated size: 3112

/opt/microchip/xc8/v1.30/sources/common/aldiv.c
		___aldiv       		CODE           	3314	0000	264

/opt/microchip/xc8/v1.30/sources/common/aldiv.c estimated size: 264

spi.c
		_setGainLevel  		CODE           	32A2	0000	38
		_setupSPI      		CODE           	3270	0000	18

spi.c estimated size: 56

